Program Version,EnergyPlus, Version 24.1.0-9d7789a3ac, YMD=2025.12.14 23:11,
   ************* Beginning Zone Sizing Calculations
   ** Warning ** CheckUsedConstructions: There are 5 nominally unused constructions in input.
   **   ~~~   ** For explicit details on each unused construction, use Output:Diagnostics,DisplayExtraWarnings;
   ** Warning ** Calculated design heating load for zone=SPACE1-1 is zero.
   **   ~~~   ** Check Sizing:Zone and ZoneControl:Thermostat inputs.
   ** Warning ** Calculated design heating load for zone=SPACE2-1 is zero.
   **   ~~~   ** Check Sizing:Zone and ZoneControl:Thermostat inputs.
   ** Warning ** Calculated design heating load for zone=SPACE3-1 is zero.
   **   ~~~   ** Check Sizing:Zone and ZoneControl:Thermostat inputs.
   ** Warning ** Calculated design heating load for zone=SPACE4-1 is zero.
   **   ~~~   ** Check Sizing:Zone and ZoneControl:Thermostat inputs.
   ** Warning ** Calculated design heating load for zone=SPACE5-1 is zero.
   **   ~~~   ** Check Sizing:Zone and ZoneControl:Thermostat inputs.
   ************* Beginning System Sizing Calculations
   ** Warning ** Calculated Relative Humidity out of range (PsyRhFnTdbWPb) 
   **   ~~~   **  Routine=Unknown, Environment=KUALA LUMPUR ANN HTG 99.6% CONDNS DB, at Simulation time=12/21 24:00 - 24:15
   **   ~~~   **  Dry-Bulb= 0.00 Humidity Ratio= 4.000E-003 Calculated Relative Humidity [%]= 105.66
   **   ~~~   ** Relative Humidity being reset to 100.0%
   ** Warning ** GetPollutionFactorInput: Requested reporting for Carbon Equivalent Pollution, but insufficient information is entered.
   **   ~~~   ** Both "FuelFactors" and "EnvironmentalImpactFactors" must be entered or the displayed carbon pollution will all be zero.
   ************* Testing Individual Branch Integrity
   ************* All Branches passed integrity testing
   ************* Testing Individual Supply Air Path Integrity
   ************* All Supply Air Paths passed integrity testing
   ************* Testing Individual Return Air Path Integrity
   ************* All Return Air Paths passed integrity testing
   ************* No node connection errors were found.
   ************* Beginning Simulation
   ************* Simulation Error Summary *************
   ************* There are 3 unused schedules in input.
   ************* Use Output:Diagnostics,DisplayUnusedSchedules; to see them.
   *************
   ************* ===== Recurring Error Summary =====
   ************* The following recurring error messages occurred.
   *************
   *************  ** Warning ** Calculated Relative Humidity out of range (PsyRhFnTdbWPb)
   *************  **   ~~~   **   This error occurred 5 total times;
   *************  **   ~~~   **   during Warmup 0 times;
   *************  **   ~~~   **   during Sizing 0 times.
   *************  **   ~~~   **   Max=105.665381 %  Min=105.665381 %
   *************
   *************
   ************* ===== Final Error Summary =====
   ************* The following error categories occurred.  Consider correcting or noting.
   ************* Nominally Unused Constructions
   ************* ..The nominally unused constructions warning is provided to alert you to potential conditions that can cause
   ************* ..extra time during simulation. Each construction is calculated by the algorithm indicated in the HeatBalanceAlgorithm
   ************* ..object. You may remove the constructions indicated (when you use the DisplayExtraWarnings option).
   *************
   ************* EnergyPlus Warmup Error Summary. During Warmup: 0 Warning; 0 Severe Errors.
   ************* EnergyPlus Sizing Error Summary. During Sizing: 6 Warning; 0 Severe Errors.
   ************* EnergyPlus Completed Successfully-- 12 Warning; 0 Severe Errors; Elapsed Time=00hr 00min 17.66sec
